
◆  Rendering composition → /Users/Zain/Developer/runIT/brag-output/brag.raw.mp4
   30fps · high · 1 workers
   GPU: browser GPU (auto-detect)

[?25l│
◒  Checking browser[1G[J◐  Checking browser[1G[J◇  Browser: cache
[?25h
  ⚠ duplicate_media_discovery_risk: Detected 3 matching img entries with the same source/start/duration.
    Fix: Avoid duplicated media nodes that can be discovered twice during compilation.
  ⚠ duplicate_media_discovery_risk: Detected 2 matching img entries with the same source/start/duration.
    Fix: Avoid duplicated media nodes that can be discovered twice during compilation.
  Continuing render despite lint issues. Use --strict to block errors.

[INFO] [Render] Pipeline started {"renderJobId":"da8adca6-a99d-4b09-a340-9416fd1dae85","platform":"darwin","arch":"arm64","nodeVersion":"v22.14.0","fps":{"num":30,"den":1},"format":"mp4","quality":"high","browserGpuMode":"auto","forceScreenshot":false,"protocolTimeout":300000,"browserTimeout":120000,"pageNavigationTimeout":60000,"playerReadyTimeout":45000}
[INFO] [Render:trace] {"renderJobId":"da8adca6-a99d-4b09-a340-9416fd1dae85","phase":"pipeline","status":"checkpoint","elapsedMs":11,"message":"started","format":"mp4","quality":"high","browserGpuMode":"auto","forceScreenshot":false,"protocolTimeoutMs":300000,"pageNavigationTimeoutMs":60000,"playerReadyTimeoutMs":45000,"requestedWorkers":1}
[INFO] [Render:trace] {"renderJobId":"da8adca6-a99d-4b09-a340-9416fd1dae85","phase":"compile","status":"start","elapsedMs":13,"needsAlpha":false}
  █░░░░░░░░░░░░░░░░░░░░░░░░  5%  Compiling composition
[INFO] [Compiler] Embedded local font file: assets/fonts/sora-0.woff2 (45 KB → data URI)
[INFO] [Compiler] Embedded local font file: assets/fonts/sora-1.woff2 (45 KB → data URI)
[INFO] [Compiler] Embedded local font file: assets/fonts/sora-2.woff2 (45 KB → data URI)
[INFO] [Compiler] Embedded local font file: assets/fonts/sora-3.woff2 (45 KB → data URI)
[INFO] [Compiler] Embedded local font file: assets/fonts/inter-0.woff2 (317 KB → data URI)
[INFO] [Compiler] Embedded local font file: assets/fonts/inter-1.woff2 (318 KB → data URI)
[INFO] [Compiler] Embedded local font file: assets/fonts/inter-2.woff2 (318 KB → data URI)
[INFO] [Compiler] Embedded local font file: assets/fonts/inter-3.woff2 (319 KB → data URI)
[INFO] Compiled composition metadata {"renderJobId":"da8adca6-a99d-4b09-a340-9416fd1dae85","entryFile":"index.html","staticDuration":22,"width":1920,"height":1080,"videoCount":0,"audioCount":6,"renderModeHints":{"recommendScreenshot":false,"reasons":[]}}
[INFO] [Render:trace] {"renderJobId":"da8adca6-a99d-4b09-a340-9416fd1dae85","phase":"compile","status":"end","elapsedMs":366,"durationMs":353,"needsAlpha":false}
[INFO] [Render:trace] {"renderJobId":"da8adca6-a99d-4b09-a340-9416fd1dae85","phase":"compile","status":"checkpoint","elapsedMs":368,"message":"composition metadata resolved","width":1920,"height":1080,"videoCount":0,"audioCount":6,"imageCount":13,"deviceScaleFactor":1,"forceScreenshot":false,"compositionHash":"e4bffba546dc2b12"}
[INFO] [Render] Low-memory render profile active — screenshot capture, auto-worker calibration skipped. Override with --no-low-memory-mode or PRODUCER_LOW_MEMORY_MODE=false. {"renderJobId":"da8adca6-a99d-4b09-a340-9416fd1dae85","totalMemMb":8192,"thresholdMb":8192}
[INFO] [Render:trace] {"renderJobId":"da8adca6-a99d-4b09-a340-9416fd1dae85","phase":"browser_probe","status":"start","elapsedMs":369,"forceScreenshot":true,"stagePhase":"calibrating"}
[INFO] [Render:trace] {"renderJobId":"da8adca6-a99d-4b09-a340-9416fd1dae85","phase":"browser_probe","status":"end","elapsedMs":507,"durationMs":138,"forceScreenshot":true,"stagePhase":"calibrating"}
[INFO] [Render:trace] {"renderJobId":"da8adca6-a99d-4b09-a340-9416fd1dae85","phase":"browser_probe","status":"checkpoint","elapsedMs":510,"message":"duration resolved","durationSeconds":22,"totalFrames":660,"compositionHash":"e4bffba546dc2b12","beginFrameStalled":false}
[INFO] [Render:trace] {"renderJobId":"da8adca6-a99d-4b09-a340-9416fd1dae85","phase":"video_extract","status":"start","elapsedMs":510,"videoCount":0}
  ██░░░░░░░░░░░░░░░░░░░░░░░  10%  Extracting video frames
[INFO] [Render:trace] {"renderJobId":"da8adca6-a99d-4b09-a340-9416fd1dae85","phase":"video_extract","status":"end","elapsedMs":512,"durationMs":2,"videoCount":0}
[INFO] [Render:trace] {"renderJobId":"da8adca6-a99d-4b09-a340-9416fd1dae85","phase":"video_extract","status":"checkpoint","elapsedMs":517,"message":"frames resolved","videoCount":0,"extractedVideoCount":0,"totalFramesExtracted":0,"maxFramesPerVideo":0,"avgFramesPerExtractedVideo":null,"vfrPreflightCount":null,"vfrPreflightMs":null,"cacheHits":null,"cacheMisses":null,"transientRetries":null,"minVideoFrameCoverageRatio":null,"authoredTimedClipCount":12}
[INFO] [Render] No HDR sources detected — rendering SDR {"renderJobId":"da8adca6-a99d-4b09-a340-9416fd1dae85"}
[INFO] [Render:trace] {"renderJobId":"da8adca6-a99d-4b09-a340-9416fd1dae85","phase":"hdr_detection","status":"checkpoint","elapsedMs":518,"message":"resolved","requestedHdrMode":"auto","effectiveHdr":"sdr","nativeHdrVideoCount":0,"nativeHdrImageCount":0}
[INFO] [Render:trace] {"renderJobId":"da8adca6-a99d-4b09-a340-9416fd1dae85","phase":"audio_process","status":"start","elapsedMs":518,"audioCount":6}
  █████░░░░░░░░░░░░░░░░░░░░  20%  Processing audio tracks
[INFO] [Render:trace] {"renderJobId":"da8adca6-a99d-4b09-a340-9416fd1dae85","phase":"audio_process","status":"end","elapsedMs":1171,"durationMs":653,"audioCount":6}
[INFO] [Render:trace] {"renderJobId":"da8adca6-a99d-4b09-a340-9416fd1dae85","phase":"file_server","status":"start","elapsedMs":1172,"reused":false}
  ██████░░░░░░░░░░░░░░░░░░░  25%  Starting frame capture
[INFO] [Render:trace] {"renderJobId":"da8adca6-a99d-4b09-a340-9416fd1dae85","phase":"file_server","status":"end","elapsedMs":1179,"durationMs":7}
[hyperframes] browserGpuMode probe → hardware (WebGL renderer vendor="Google Inc. (Apple)" renderer="ANGLE (Apple, ANGLE Metal Renderer: Apple M1, Unspecified Version)")
[INFO] [Render:trace] {"renderJobId":"da8adca6-a99d-4b09-a340-9416fd1dae85","phase":"capture_calibration","status":"checkpoint","elapsedMs":1917,"message":"skipped","requestedWorkers":1,"totalFrames":660,"htmlInCanvasDetected":false,"lowMemoryMode":true,"deInversionEligible":false,"deParallelRouterEligible":false}
[INFO] [Render:trace] {"renderJobId":"da8adca6-a99d-4b09-a340-9416fd1dae85","phase":"worker_resolution","status":"checkpoint","elapsedMs":1918,"message":"resolved","workerCount":1}
[INFO] streaming-encode gate {"renderJobId":"da8adca6-a99d-4b09-a340-9416fd1dae85","enabled":true,"configFlag":true,"outputFormat":"mp4","workerCount":1,"durationSeconds":22,"maxDurationSeconds":240}
[INFO] [Render:trace] {"renderJobId":"da8adca6-a99d-4b09-a340-9416fd1dae85","phase":"capture_strategy","status":"checkpoint","elapsedMs":1918,"message":"resolved","workerCount":1,"forceScreenshot":true,"captureBeyondViewport":null,"useStreamingEncode":true,"useLayeredComposite":false,"usePageSideCompositing":false,"hasHdrContent":false,"hasShaderTransitions":false,"isPngSequence":false}
[INFO] [Render:trace] {"renderJobId":"da8adca6-a99d-4b09-a340-9416fd1dae85","phase":"capture_streaming","status":"start","elapsedMs":1919,"stagePhase":"capturing","workerCount":1,"forceScreenshot":true,"totalFrames":660,"framesCompleted":0,"captureMode":"screenshot","captureOperation":"captureScreenshot"}
[BrowserManager] Browser launched (HeadlessChrome/152.0.7977.30, screenshot, gl=--use-gl=angle --use-angle=metal, headlessShell=true, platform=darwin)
[initSession:screenshot] page.goto start (0ms)
[HyperFrames] render runtime fps [object Object]
[initSession:screenshot] page.goto complete (669ms)
[initSession:screenshot] GSAP proxy flush complete (746ms)
[initSession:screenshot] pollHfReady complete (750ms)
[initSession:screenshot] pollSubCompositionTimelines complete (ready) (753ms)
[initSession:screenshot] applyVideoMetadataHints complete (754ms)
[initSession:screenshot] media + fonts + tailwind ready (803ms)
[engine] fast capture: falling back to screenshot — render-mode compatibility hint forced screenshot capture (e.g. raw requestAnimationFrame composition).
[initSession:screenshot] static-frame dedup: disabled (eligible) (823ms)
  ██████░░░░░░░░░░░░░░░░░░░  25%  Streaming frame 1/660
  ██████░░░░░░░░░░░░░░░░░░░  25%  Streaming frame 2/660
  ██████░░░░░░░░░░░░░░░░░░░  25%  Streaming frame 3/660
  ██████░░░░░░░░░░░░░░░░░░░  25%  Streaming frame 4/660
  ██████░░░░░░░░░░░░░░░░░░░  25%  Streaming frame 5/660
  ██████░░░░░░░░░░░░░░░░░░░  26%  Streaming frame 6/660
  ██████░░░░░░░░░░░░░░░░░░░  26%  Streaming frame 7/660
  ██████░░░░░░░░░░░░░░░░░░░  26%  Streaming frame 8/660
  ██████░░░░░░░░░░░░░░░░░░░  26%  Streaming frame 9/660
  ██████░░░░░░░░░░░░░░░░░░░  26%  Streaming frame 10/660
  ██████░░░░░░░░░░░░░░░░░░░  26%  Streaming frame 11/660
  ██████░░░░░░░░░░░░░░░░░░░  26%  Streaming frame 12/660
  ██████░░░░░░░░░░░░░░░░░░░  26%  Streaming frame 13/660
  ██████░░░░░░░░░░░░░░░░░░░  26%  Streaming frame 14/660
  ██████░░░░░░░░░░░░░░░░░░░  26%  Streaming frame 15/660
  ██████░░░░░░░░░░░░░░░░░░░  26%  Streaming frame 16/660
  ██████░░░░░░░░░░░░░░░░░░░  26%  Streaming frame 17/660
  ██████░░░░░░░░░░░░░░░░░░░  27%  Streaming frame 18/660
  ██████░░░░░░░░░░░░░░░░░░░  27%  Streaming frame 19/660
  ██████░░░░░░░░░░░░░░░░░░░  27%  Streaming frame 20/660
  ██████░░░░░░░░░░░░░░░░░░░  27%  Streaming frame 21/660
  ██████░░░░░░░░░░░░░░░░░░░  27%  Streaming frame 22/660
  ██████░░░░░░░░░░░░░░░░░░░  27%  Streaming frame 23/660
  ██████░░░░░░░░░░░░░░░░░░░  27%  Streaming frame 24/660
  ██████░░░░░░░░░░░░░░░░░░░  27%  Streaming frame 25/660
  ██████░░░░░░░░░░░░░░░░░░░  27%  Streaming frame 26/660
  ██████░░░░░░░░░░░░░░░░░░░  27%  Streaming frame 27/660
  ██████░░░░░░░░░░░░░░░░░░░  27%  Streaming frame 28/660
  ██████░░░░░░░░░░░░░░░░░░░  27%  Streaming frame 29/660
  ███████░░░░░░░░░░░░░░░░░░  28%  Streaming frame 30/660
  ███████░░░░░░░░░░░░░░░░░░  28%  Streaming frame 31/660
  ███████░░░░░░░░░░░░░░░░░░  28%  Streaming frame 32/660
  ███████░░░░░░░░░░░░░░░░░░  28%  Streaming frame 33/660
  ███████░░░░░░░░░░░░░░░░░░  28%  Streaming frame 34/660
  ███████░░░░░░░░░░░░░░░░░░  28%  Streaming frame 35/660
  ███████░░░░░░░░░░░░░░░░░░  28%  Streaming frame 36/660
  ███████░░░░░░░░░░░░░░░░░░  28%  Streaming frame 37/660
  ███████░░░░░░░░░░░░░░░░░░  28%  Streaming frame 38/660
  ███████░░░░░░░░░░░░░░░░░░  28%  Streaming frame 39/660
  ███████░░░░░░░░░░░░░░░░░░  28%  Streaming frame 40/660
  ███████░░░░░░░░░░░░░░░░░░  28%  Streaming frame 41/660
  ███████░░░░░░░░░░░░░░░░░░  29%  Streaming frame 42/660
  ███████░░░░░░░░░░░░░░░░░░  29%  Streaming frame 43/660
  ███████░░░░░░░░░░░░░░░░░░  29%  Streaming frame 44/660
  ███████░░░░░░░░░░░░░░░░░░  29%  Streaming frame 45/660
  ███████░░░░░░░░░░░░░░░░░░  29%  Streaming frame 46/660
  ███████░░░░░░░░░░░░░░░░░░  29%  Streaming frame 47/660
  ███████░░░░░░░░░░░░░░░░░░  29%  Streaming frame 48/660
  ███████░░░░░░░░░░░░░░░░░░  29%  Streaming frame 49/660
  ███████░░░░░░░░░░░░░░░░░░  29%  Streaming frame 50/660
  ███████░░░░░░░░░░░░░░░░░░  29%  Streaming frame 51/660
  ███████░░░░░░░░░░░░░░░░░░  29%  Streaming frame 52/660
  ███████░░░░░░░░░░░░░░░░░░  29%  Streaming frame 53/660
  ███████░░░░░░░░░░░░░░░░░░  30%  Streaming frame 54/660
  ███████░░░░░░░░░░░░░░░░░░  30%  Streaming frame 55/660
  ███████░░░░░░░░░░░░░░░░░░  30%  Streaming frame 56/660
  ███████░░░░░░░░░░░░░░░░░░  30%  Streaming frame 57/660
  ███████░░░░░░░░░░░░░░░░░░  30%  Streaming frame 58/660
  ███████░░░░░░░░░░░░░░░░░░  30%  Streaming frame 59/660
  ███████░░░░░░░░░░░░░░░░░░  30%  Streaming frame 60/660
  ███████░░░░░░░░░░░░░░░░░░  30%  Streaming frame 61/660
  ███████░░░░░░░░░░░░░░░░░░  30%  Streaming frame 62/660
  ███████░░░░░░░░░░░░░░░░░░  30%  Streaming frame 63/660
  ███████░░░░░░░░░░░░░░░░░░  30%  Streaming frame 64/660
  ███████░░░░░░░░░░░░░░░░░░  30%  Streaming frame 65/660
  ███████░░░░░░░░░░░░░░░░░░  31%  Streaming frame 66/660
  ███████░░░░░░░░░░░░░░░░░░  31%  Streaming frame 67/660
  ███████░░░░░░░░░░░░░░░░░░  31%  Streaming frame 68/660
  ███████░░░░░░░░░░░░░░░░░░  31%  Streaming frame 69/660
  ███████░░░░░░░░░░░░░░░░░░  31%  Streaming frame 70/660
  ███████░░░░░░░░░░░░░░░░░░  31%  Streaming frame 71/660
  ███████░░░░░░░░░░░░░░░░░░  31%  Streaming frame 72/660
  ███████░░░░░░░░░░░░░░░░░░  31%  Streaming frame 73/660
  ███████░░░░░░░░░░░░░░░░░░  31%  Streaming frame 74/660
  ███████░░░░░░░░░░░░░░░░░░  31%  Streaming frame 75/660
  ███████░░░░░░░░░░░░░░░░░░  31%  Streaming frame 76/660
  ███████░░░░░░░░░░░░░░░░░░  31%  Streaming frame 77/660
  ████████░░░░░░░░░░░░░░░░░  32%  Streaming frame 78/660
  ████████░░░░░░░░░░░░░░░░░  32%  Streaming frame 79/660
  ████████░░░░░░░░░░░░░░░░░  32%  Streaming frame 80/660
  ████████░░░░░░░░░░░░░░░░░  32%  Streaming frame 81/660
  ████████░░░░░░░░░░░░░░░░░  32%  Streaming frame 82/660
  ████████░░░░░░░░░░░░░░░░░  32%  Streaming frame 83/660
  ████████░░░░░░░░░░░░░░░░░  32%  Streaming frame 84/660
  ████████░░░░░░░░░░░░░░░░░  32%  Streaming frame 85/660
  ████████░░░░░░░░░░░░░░░░░  32%  Streaming frame 86/660
  ████████░░░░░░░░░░░░░░░░░  32%  Streaming frame 87/660
  ████████░░░░░░░░░░░░░░░░░  32%  Streaming frame 88/660
  ████████░░░░░░░░░░░░░░░░░  32%  Streaming frame 89/660
  ████████░░░░░░░░░░░░░░░░░  33%  Streaming frame 90/660
  ████████░░░░░░░░░░░░░░░░░  33%  Streaming frame 91/660
  ████████░░░░░░░░░░░░░░░░░  33%  Streaming frame 92/660
  ████████░░░░░░░░░░░░░░░░░  33%  Streaming frame 93/660
  ████████░░░░░░░░░░░░░░░░░  33%  Streaming frame 94/660
  ████████░░░░░░░░░░░░░░░░░  33%  Streaming frame 95/660
  ████████░░░░░░░░░░░░░░░░░  33%  Streaming frame 96/660
  ████████░░░░░░░░░░░░░░░░░  33%  Streaming frame 97/660
  ████████░░░░░░░░░░░░░░░░░  33%  Streaming frame 98/660
  ████████░░░░░░░░░░░░░░░░░  33%  Streaming frame 99/660
  ████████░░░░░░░░░░░░░░░░░  33%  Streaming frame 100/660
  ████████░░░░░░░░░░░░░░░░░  33%  Streaming frame 101/660
  ████████░░░░░░░░░░░░░░░░░  34%  Streaming frame 102/660
  ████████░░░░░░░░░░░░░░░░░  34%  Streaming frame 103/660
  ████████░░░░░░░░░░░░░░░░░  34%  Streaming frame 104/660
  ████████░░░░░░░░░░░░░░░░░  34%  Streaming frame 105/660
  ████████░░░░░░░░░░░░░░░░░  34%  Streaming frame 106/660
  ████████░░░░░░░░░░░░░░░░░  34%  Streaming frame 107/660
  ████████░░░░░░░░░░░░░░░░░  34%  Streaming frame 108/660
  ████████░░░░░░░░░░░░░░░░░  34%  Streaming frame 109/660
  ████████░░░░░░░░░░░░░░░░░  34%  Streaming frame 110/660
  ████████░░░░░░░░░░░░░░░░░  34%  Streaming frame 111/660
  ████████░░░░░░░░░░░░░░░░░  34%  Streaming frame 112/660
  ████████░░░░░░░░░░░░░░░░░  34%  Streaming frame 113/660
  ████████░░░░░░░░░░░░░░░░░  35%  Streaming frame 114/660
  ████████░░░░░░░░░░░░░░░░░  35%  Streaming frame 115/660
  ████████░░░░░░░░░░░░░░░░░  35%  Streaming frame 116/660
  ████████░░░░░░░░░░░░░░░░░  35%  Streaming frame 117/660
  ████████░░░░░░░░░░░░░░░░░  35%  Streaming frame 118/660
  ████████░░░░░░░░░░░░░░░░░  35%  Streaming frame 119/660
  ████████░░░░░░░░░░░░░░░░░  35%  Streaming frame 120/660
  ████████░░░░░░░░░░░░░░░░░  35%  Streaming frame 121/660
  ████████░░░░░░░░░░░░░░░░░  35%  Streaming frame 122/660
  ████████░░░░░░░░░░░░░░░░░  35%  Streaming frame 123/660
  ████████░░░░░░░░░░░░░░░░░  35%  Streaming frame 124/660
  ████████░░░░░░░░░░░░░░░░░  35%  Streaming frame 125/660
  █████████░░░░░░░░░░░░░░░░  36%  Streaming frame 126/660
  █████████░░░░░░░░░░░░░░░░  36%  Streaming frame 127/660
  █████████░░░░░░░░░░░░░░░░  36%  Streaming frame 128/660
  █████████░░░░░░░░░░░░░░░░  36%  Streaming frame 129/660
  █████████░░░░░░░░░░░░░░░░  36%  Streaming frame 130/660
  █████████░░░░░░░░░░░░░░░░  36%  Streaming frame 131/660
  █████████░░░░░░░░░░░░░░░░  36%  Streaming frame 132/660
  █████████░░░░░░░░░░░░░░░░  36%  Streaming frame 133/660
  █████████░░░░░░░░░░░░░░░░  36%  Streaming frame 134/660
  █████████░░░░░░░░░░░░░░░░  36%  Streaming frame 135/660
  █████████░░░░░░░░░░░░░░░░  36%  Streaming frame 136/660
  █████████░░░░░░░░░░░░░░░░  36%  Streaming frame 137/660
  █████████░░░░░░░░░░░░░░░░  37%  Streaming frame 138/660
  █████████░░░░░░░░░░░░░░░░  37%  Streaming frame 139/660
  █████████░░░░░░░░░░░░░░░░  37%  Streaming frame 140/660
  █████████░░░░░░░░░░░░░░░░  37%  Streaming frame 141/660
  █████████░░░░░░░░░░░░░░░░  37%  Streaming frame 142/660
  █████████░░░░░░░░░░░░░░░░  37%  Streaming frame 143/660
  █████████░░░░░░░░░░░░░░░░  37%  Streaming frame 144/660
  █████████░░░░░░░░░░░░░░░░  37%  Streaming frame 145/660
  █████████░░░░░░░░░░░░░░░░  37%  Streaming frame 146/660
  █████████░░░░░░░░░░░░░░░░  37%  Streaming frame 147/660
  █████████░░░░░░░░░░░░░░░░  37%  Streaming frame 148/660
  █████████░░░░░░░░░░░░░░░░  37%  Streaming frame 149/660
  █████████░░░░░░░░░░░░░░░░  38%  Streaming frame 150/660
  █████████░░░░░░░░░░░░░░░░  38%  Streaming frame 151/660
  █████████░░░░░░░░░░░░░░░░  38%  Streaming frame 152/660
  █████████░░░░░░░░░░░░░░░░  38%  Streaming frame 153/660
  █████████░░░░░░░░░░░░░░░░  38%  Streaming frame 154/660
  █████████░░░░░░░░░░░░░░░░  38%  Streaming frame 155/660
  █████████░░░░░░░░░░░░░░░░  38%  Streaming frame 156/660
  █████████░░░░░░░░░░░░░░░░  38%  Streaming frame 157/660
  █████████░░░░░░░░░░░░░░░░  38%  Streaming frame 158/660
  █████████░░░░░░░░░░░░░░░░  38%  Streaming frame 159/660
  █████████░░░░░░░░░░░░░░░░  38%  Streaming frame 160/660
  █████████░░░░░░░░░░░░░░░░  38%  Streaming frame 161/660
  █████████░░░░░░░░░░░░░░░░  39%  Streaming frame 162/660
  █████████░░░░░░░░░░░░░░░░  39%  Streaming frame 163/660
  █████████░░░░░░░░░░░░░░░░  39%  Streaming frame 164/660
  █████████░░░░░░░░░░░░░░░░  39%  Streaming frame 165/660
  █████████░░░░░░░░░░░░░░░░  39%  Streaming frame 166/660
  █████████░░░░░░░░░░░░░░░░  39%  Streaming frame 167/660
  █████████░░░░░░░░░░░░░░░░  39%  Streaming frame 168/660
  █████████░░░░░░░░░░░░░░░░  39%  Streaming frame 169/660
  █████████░░░░░░░░░░░░░░░░  39%  Streaming frame 170/660
  █████████░░░░░░░░░░░░░░░░  39%  Streaming frame 171/660
  █████████░░░░░░░░░░░░░░░░  39%  Streaming frame 172/660
  █████████░░░░░░░░░░░░░░░░  39%  Streaming frame 173/660
  ██████████░░░░░░░░░░░░░░░  40%  Streaming frame 174/660
  ██████████░░░░░░░░░░░░░░░  40%  Streaming frame 175/660
  ██████████░░░░░░░░░░░░░░░  40%  Streaming frame 176/660
  ██████████░░░░░░░░░░░░░░░  40%  Streaming frame 177/660
  ██████████░░░░░░░░░░░░░░░  40%  Streaming frame 178/660
  ██████████░░░░░░░░░░░░░░░  40%  Streaming frame 179/660
  ██████████░░░░░░░░░░░░░░░  40%  Streaming frame 180/660
  ██████████░░░░░░░░░░░░░░░  40%  Streaming frame 181/660
  ██████████░░░░░░░░░░░░░░░  40%  Streaming frame 182/660
  ██████████░░░░░░░░░░░░░░░  40%  Streaming frame 183/660
  ██████████░░░░░░░░░░░░░░░  40%  Streaming frame 184/660
  ██████████░░░░░░░░░░░░░░░  40%  Streaming frame 185/660
  ██████████░░░░░░░░░░░░░░░  41%  Streaming frame 186/660
  ██████████░░░░░░░░░░░░░░░  41%  Streaming frame 187/660
  ██████████░░░░░░░░░░░░░░░  41%  Streaming frame 188/660
  ██████████░░░░░░░░░░░░░░░  41%  Streaming frame 189/660
  ██████████░░░░░░░░░░░░░░░  41%  Streaming frame 190/660
  ██████████░░░░░░░░░░░░░░░  41%  Streaming frame 191/660
  ██████████░░░░░░░░░░░░░░░  41%  Streaming frame 192/660
  ██████████░░░░░░░░░░░░░░░  41%  Streaming frame 193/660
  ██████████░░░░░░░░░░░░░░░  41%  Streaming frame 194/660
  ██████████░░░░░░░░░░░░░░░  41%  Streaming frame 195/660
  ██████████░░░░░░░░░░░░░░░  41%  Streaming frame 196/660
  ██████████░░░░░░░░░░░░░░░  41%  Streaming frame 197/660
  ██████████░░░░░░░░░░░░░░░  42%  Streaming frame 198/660
  ██████████░░░░░░░░░░░░░░░  42%  Streaming frame 199/660
  ██████████░░░░░░░░░░░░░░░  42%  Streaming frame 200/660
  ██████████░░░░░░░░░░░░░░░  42%  Streaming frame 201/660
  ██████████░░░░░░░░░░░░░░░  42%  Streaming frame 202/660
  ██████████░░░░░░░░░░░░░░░  42%  Streaming frame 203/660
  ██████████░░░░░░░░░░░░░░░  42%  Streaming frame 204/660
  ██████████░░░░░░░░░░░░░░░  42%  Streaming frame 205/660
  ██████████░░░░░░░░░░░░░░░  42%  Streaming frame 206/660
  ██████████░░░░░░░░░░░░░░░  42%  Streaming frame 207/660
  ██████████░░░░░░░░░░░░░░░  42%  Streaming frame 208/660
  ██████████░░░░░░░░░░░░░░░  42%  Streaming frame 209/660
  ██████████░░░░░░░░░░░░░░░  43%  Streaming frame 210/660
  ██████████░░░░░░░░░░░░░░░  43%  Streaming frame 211/660
  ██████████░░░░░░░░░░░░░░░  43%  Streaming frame 212/660
  ██████████░░░░░░░░░░░░░░░  43%  Streaming frame 213/660
  ██████████░░░░░░░░░░░░░░░  43%  Streaming frame 214/660
  ██████████░░░░░░░░░░░░░░░  43%  Streaming frame 215/660
  ██████████░░░░░░░░░░░░░░░  43%  Streaming frame 216/660
  ██████████░░░░░░░░░░░░░░░  43%  Streaming frame 217/660
  ██████████░░░░░░░░░░░░░░░  43%  Streaming frame 218/660
  ██████████░░░░░░░░░░░░░░░  43%  Streaming frame 219/660
  ██████████░░░░░░░░░░░░░░░  43%  Streaming frame 220/660
  ██████████░░░░░░░░░░░░░░░  43%  Streaming frame 221/660
  ███████████░░░░░░░░░░░░░░  44%  Streaming frame 222/660
  ███████████░░░░░░░░░░░░░░  44%  Streaming frame 223/660
  ███████████░░░░░░░░░░░░░░  44%  Streaming frame 224/660
  ███████████░░░░░░░░░░░░░░  44%  Streaming frame 225/660
  ███████████░░░░░░░░░░░░░░  44%  Streaming frame 226/660
  ███████████░░░░░░░░░░░░░░  44%  Streaming frame 227/660
  ███████████░░░░░░░░░░░░░░  44%  Streaming frame 228/660
  ███████████░░░░░░░░░░░░░░  44%  Streaming frame 229/660
  ███████████░░░░░░░░░░░░░░  44%  Streaming frame 230/660
  ███████████░░░░░░░░░░░░░░  44%  Streaming frame 231/660
  ███████████░░░░░░░░░░░░░░  44%  Streaming frame 232/660
  ███████████░░░░░░░░░░░░░░  44%  Streaming frame 233/660
  ███████████░░░░░░░░░░░░░░  45%  Streaming frame 234/660
  ███████████░░░░░░░░░░░░░░  45%  Streaming frame 235/660
  ███████████░░░░░░░░░░░░░░  45%  Streaming frame 236/660
  ███████████░░░░░░░░░░░░░░  45%  Streaming frame 237/660
  ███████████░░░░░░░░░░░░░░  45%  Streaming frame 238/660
  ███████████░░░░░░░░░░░░░░  45%  Streaming frame 239/660
  ███████████░░░░░░░░░░░░░░  45%  Streaming frame 240/660
  ███████████░░░░░░░░░░░░░░  45%  Streaming frame 241/660
  ███████████░░░░░░░░░░░░░░  45%  Streaming frame 242/660
  ███████████░░░░░░░░░░░░░░  45%  Streaming frame 243/660
  ███████████░░░░░░░░░░░░░░  45%  Streaming frame 244/660
  ███████████░░░░░░░░░░░░░░  45%  Streaming frame 245/660
  ███████████░░░░░░░░░░░░░░  46%  Streaming frame 246/660
  ███████████░░░░░░░░░░░░░░  46%  Streaming frame 247/660
  ███████████░░░░░░░░░░░░░░  46%  Streaming frame 248/660
  ███████████░░░░░░░░░░░░░░  46%  Streaming frame 249/660
  ███████████░░░░░░░░░░░░░░  46%  Streaming frame 250/660
  ███████████░░░░░░░░░░░░░░  46%  Streaming frame 251/660
  ███████████░░░░░░░░░░░░░░  46%  Streaming frame 252/660
  ███████████░░░░░░░░░░░░░░  46%  Streaming frame 253/660
  ███████████░░░░░░░░░░░░░░  46%  Streaming frame 254/660
  ███████████░░░░░░░░░░░░░░  46%  Streaming frame 255/660
  ███████████░░░░░░░░░░░░░░  46%  Streaming frame 256/660
  ███████████░░░░░░░░░░░░░░  46%  Streaming frame 257/660
  ███████████░░░░░░░░░░░░░░  47%  Streaming frame 258/660
  ███████████░░░░░░░░░░░░░░  47%  Streaming frame 259/660
  ███████████░░░░░░░░░░░░░░  47%  Streaming frame 260/660
  ███████████░░░░░░░░░░░░░░  47%  Streaming frame 261/660
  ███████████░░░░░░░░░░░░░░  47%  Streaming frame 262/660
  ███████████░░░░░░░░░░░░░░  47%  Streaming frame 263/660
  ███████████░░░░░░░░░░░░░░  47%  Streaming frame 264/660
  ███████████░░░░░░░░░░░░░░  47%  Streaming frame 265/660
  ███████████░░░░░░░░░░░░░░  47%  Streaming frame 266/660
  ███████████░░░░░░░░░░░░░░  47%  Streaming frame 267/660
  ███████████░░░░░░░░░░░░░░  47%  Streaming frame 268/660
  ███████████░░░░░░░░░░░░░░  47%  Streaming frame 269/660
  ████████████░░░░░░░░░░░░░  48%  Streaming frame 270/660
  ████████████░░░░░░░░░░░░░  48%  Streaming frame 271/660
  ████████████░░░░░░░░░░░░░  48%  Streaming frame 272/660
  ████████████░░░░░░░░░░░░░  48%  Streaming frame 273/660
  ████████████░░░░░░░░░░░░░  48%  Streaming frame 274/660
  ████████████░░░░░░░░░░░░░  48%  Streaming frame 275/660
  ████████████░░░░░░░░░░░░░  48%  Streaming frame 276/660
  ████████████░░░░░░░░░░░░░  48%  Streaming frame 277/660
  ████████████░░░░░░░░░░░░░  48%  Streaming frame 278/660
  ████████████░░░░░░░░░░░░░  48%  Streaming frame 279/660
  ████████████░░░░░░░░░░░░░  48%  Streaming frame 280/660
  ████████████░░░░░░░░░░░░░  48%  Streaming frame 281/660
  ████████████░░░░░░░░░░░░░  49%  Streaming frame 282/660
  ████████████░░░░░░░░░░░░░  49%  Streaming frame 283/660
  ████████████░░░░░░░░░░░░░  49%  Streaming frame 284/660
  ████████████░░░░░░░░░░░░░  49%  Streaming frame 285/660
  ████████████░░░░░░░░░░░░░  49%  Streaming frame 286/660
  ████████████░░░░░░░░░░░░░  49%  Streaming frame 287/660
  ████████████░░░░░░░░░░░░░  49%  Streaming frame 288/660
  ████████████░░░░░░░░░░░░░  49%  Streaming frame 289/660
  ████████████░░░░░░░░░░░░░  49%  Streaming frame 290/660
  ████████████░░░░░░░░░░░░░  49%  Streaming frame 291/660
  ████████████░░░░░░░░░░░░░  49%  Streaming frame 292/660
  ████████████░░░░░░░░░░░░░  49%  Streaming frame 293/660
  ████████████░░░░░░░░░░░░░  50%  Streaming frame 294/660
  ████████████░░░░░░░░░░░░░  50%  Streaming frame 295/660
  ████████████░░░░░░░░░░░░░  50%  Streaming frame 296/660
  ████████████░░░░░░░░░░░░░  50%  Streaming frame 297/660
  ████████████░░░░░░░░░░░░░  50%  Streaming frame 298/660
  ████████████░░░░░░░░░░░░░  50%  Streaming frame 299/660
  ████████████░░░░░░░░░░░░░  50%  Streaming frame 300/660
  ████████████░░░░░░░░░░░░░  50%  Streaming frame 301/660
  ████████████░░░░░░░░░░░░░  50%  Streaming frame 302/660
  ████████████░░░░░░░░░░░░░  50%  Streaming frame 303/660
  ████████████░░░░░░░░░░░░░  50%  Streaming frame 304/660
  ████████████░░░░░░░░░░░░░  50%  Streaming frame 305/660
  ████████████░░░░░░░░░░░░░  51%  Streaming frame 306/660
  ████████████░░░░░░░░░░░░░  51%  Streaming frame 307/660
  ████████████░░░░░░░░░░░░░  51%  Streaming frame 308/660
  ████████████░░░░░░░░░░░░░  51%  Streaming frame 309/660
  ████████████░░░░░░░░░░░░░  51%  Streaming frame 310/660
  ████████████░░░░░░░░░░░░░  51%  Streaming frame 311/660
  ████████████░░░░░░░░░░░░░  51%  Streaming frame 312/660
  ████████████░░░░░░░░░░░░░  51%  Streaming frame 313/660
  ████████████░░░░░░░░░░░░░  51%  Streaming frame 314/660
  ████████████░░░░░░░░░░░░░  51%  Streaming frame 315/660
  ████████████░░░░░░░░░░░░░  51%  Streaming frame 316/660
  ████████████░░░░░░░░░░░░░  51%  Streaming frame 317/660
  █████████████░░░░░░░░░░░░  52%  Streaming frame 318/660
  █████████████░░░░░░░░░░░░  52%  Streaming frame 319/660
  █████████████░░░░░░░░░░░░  52%  Streaming frame 320/660
  █████████████░░░░░░░░░░░░  52%  Streaming frame 321/660
  █████████████░░░░░░░░░░░░  52%  Streaming frame 322/660
  █████████████░░░░░░░░░░░░  52%  Streaming frame 323/660
  █████████████░░░░░░░░░░░░  52%  Streaming frame 324/660
  █████████████░░░░░░░░░░░░  52%  Streaming frame 325/660
  █████████████░░░░░░░░░░░░  52%  Streaming frame 326/660
  █████████████░░░░░░░░░░░░  52%  Streaming frame 327/660
  █████████████░░░░░░░░░░░░  52%  Streaming frame 328/660
  █████████████░░░░░░░░░░░░  52%  Streaming frame 329/660
  █████████████░░░░░░░░░░░░  53%  Streaming frame 330/660
  █████████████░░░░░░░░░░░░  53%  Streaming frame 331/660
  █████████████░░░░░░░░░░░░  53%  Streaming frame 332/660
  █████████████░░░░░░░░░░░░  53%  Streaming frame 333/660
  █████████████░░░░░░░░░░░░  53%  Streaming frame 334/660
  █████████████░░░░░░░░░░░░  53%  Streaming frame 335/660
  █████████████░░░░░░░░░░░░  53%  Streaming frame 336/660
  █████████████░░░░░░░░░░░░  53%  Streaming frame 337/660
  █████████████░░░░░░░░░░░░  53%  Streaming frame 338/660
  █████████████░░░░░░░░░░░░  53%  Streaming frame 339/660
  █████████████░░░░░░░░░░░░  53%  Streaming frame 340/660
  █████████████░░░░░░░░░░░░  53%  Streaming frame 341/660
  █████████████░░░░░░░░░░░░  54%  Streaming frame 342/660
  █████████████░░░░░░░░░░░░  54%  Streaming frame 343/660
  █████████████░░░░░░░░░░░░  54%  Streaming frame 344/660
  █████████████░░░░░░░░░░░░  54%  Streaming frame 345/660
  █████████████░░░░░░░░░░░░  54%  Streaming frame 346/660
  █████████████░░░░░░░░░░░░  54%  Streaming frame 347/660
  █████████████░░░░░░░░░░░░  54%  Streaming frame 348/660
  █████████████░░░░░░░░░░░░  54%  Streaming frame 349/660
  █████████████░░░░░░░░░░░░  54%  Streaming frame 350/660
  █████████████░░░░░░░░░░░░  54%  Streaming frame 351/660
  █████████████░░░░░░░░░░░░  54%  Streaming frame 352/660
  █████████████░░░░░░░░░░░░  54%  Streaming frame 353/660
  █████████████░░░░░░░░░░░░  55%  Streaming frame 354/660
  █████████████░░░░░░░░░░░░  55%  Streaming frame 355/660
  █████████████░░░░░░░░░░░░  55%  Streaming frame 356/660
  █████████████░░░░░░░░░░░░  55%  Streaming frame 357/660
  █████████████░░░░░░░░░░░░  55%  Streaming frame 358/660
  █████████████░░░░░░░░░░░░  55%  Streaming frame 359/660
  █████████████░░░░░░░░░░░░  55%  Streaming frame 360/660
  █████████████░░░░░░░░░░░░  55%  Streaming frame 361/660
  █████████████░░░░░░░░░░░░  55%  Streaming frame 362/660
  █████████████░░░░░░░░░░░░  55%  Streaming frame 363/660
  █████████████░░░░░░░░░░░░  55%  Streaming frame 364/660
  █████████████░░░░░░░░░░░░  55%  Streaming frame 365/660
  ██████████████░░░░░░░░░░░  56%  Streaming frame 366/660
  ██████████████░░░░░░░░░░░  56%  Streaming frame 367/660
  ██████████████░░░░░░░░░░░  56%  Streaming frame 368/660
  ██████████████░░░░░░░░░░░  56%  Streaming frame 369/660
  ██████████████░░░░░░░░░░░  56%  Streaming frame 370/660
  ██████████████░░░░░░░░░░░  56%  Streaming frame 371/660
  ██████████████░░░░░░░░░░░  56%  Streaming frame 372/660
  ██████████████░░░░░░░░░░░  56%  Streaming frame 373/660
  ██████████████░░░░░░░░░░░  56%  Streaming frame 374/660
  ██████████████░░░░░░░░░░░  56%  Streaming frame 375/660
  ██████████████░░░░░░░░░░░  56%  Streaming frame 376/660
  ██████████████░░░░░░░░░░░  56%  Streaming frame 377/660
  ██████████████░░░░░░░░░░░  57%  Streaming frame 378/660
  ██████████████░░░░░░░░░░░  57%  Streaming frame 379/660
  ██████████████░░░░░░░░░░░  57%  Streaming frame 380/660
  ██████████████░░░░░░░░░░░  57%  Streaming frame 381/660
  ██████████████░░░░░░░░░░░  57%  Streaming frame 382/660
  ██████████████░░░░░░░░░░░  57%  Streaming frame 383/660
  ██████████████░░░░░░░░░░░  57%  Streaming frame 384/660
  ██████████████░░░░░░░░░░░  57%  Streaming frame 385/660
  ██████████████░░░░░░░░░░░  57%  Streaming frame 386/660
  ██████████████░░░░░░░░░░░  57%  Streaming frame 387/660
  ██████████████░░░░░░░░░░░  57%  Streaming frame 388/660
  ██████████████░░░░░░░░░░░  57%  Streaming frame 389/660
  ██████████████░░░░░░░░░░░  58%  Streaming frame 390/660
  ██████████████░░░░░░░░░░░  58%  Streaming frame 391/660
  ██████████████░░░░░░░░░░░  58%  Streaming frame 392/660
  ██████████████░░░░░░░░░░░  58%  Streaming frame 393/660
  ██████████████░░░░░░░░░░░  58%  Streaming frame 394/660
  ██████████████░░░░░░░░░░░  58%  Streaming frame 395/660
  ██████████████░░░░░░░░░░░  58%  Streaming frame 396/660
  ██████████████░░░░░░░░░░░  58%  Streaming frame 397/660
  ██████████████░░░░░░░░░░░  58%  Streaming frame 398/660
  ██████████████░░░░░░░░░░░  58%  Streaming frame 399/660
  ██████████████░░░░░░░░░░░  58%  Streaming frame 400/660
  ██████████████░░░░░░░░░░░  58%  Streaming frame 401/660
  ██████████████░░░░░░░░░░░  59%  Streaming frame 402/660
  ██████████████░░░░░░░░░░░  59%  Streaming frame 403/660
  ██████████████░░░░░░░░░░░  59%  Streaming frame 404/660
  ██████████████░░░░░░░░░░░  59%  Streaming frame 405/660
  ██████████████░░░░░░░░░░░  59%  Streaming frame 406/660
  ██████████████░░░░░░░░░░░  59%  Streaming frame 407/660
  ██████████████░░░░░░░░░░░  59%  Streaming frame 408/660
  ██████████████░░░░░░░░░░░  59%  Streaming frame 409/660
  ██████████████░░░░░░░░░░░  59%  Streaming frame 410/660
  ██████████████░░░░░░░░░░░  59%  Streaming frame 411/660
  ██████████████░░░░░░░░░░░  59%  Streaming frame 412/660
  ██████████████░░░░░░░░░░░  59%  Streaming frame 413/660
  ███████████████░░░░░░░░░░  60%  Streaming frame 414/660
  ███████████████░░░░░░░░░░  60%  Streaming frame 415/660
  ███████████████░░░░░░░░░░  60%  Streaming frame 416/660
  ███████████████░░░░░░░░░░  60%  Streaming frame 417/660
  ███████████████░░░░░░░░░░  60%  Streaming frame 418/660
  ███████████████░░░░░░░░░░  60%  Streaming frame 419/660
  ███████████████░░░░░░░░░░  60%  Streaming frame 420/660
  ███████████████░░░░░░░░░░  60%  Streaming frame 421/660
  ███████████████░░░░░░░░░░  60%  Streaming frame 422/660
  ███████████████░░░░░░░░░░  60%  Streaming frame 423/660
  ███████████████░░░░░░░░░░  60%  Streaming frame 424/660
  ███████████████░░░░░░░░░░  60%  Streaming frame 425/660
  ███████████████░░░░░░░░░░  61%  Streaming frame 426/660
  ███████████████░░░░░░░░░░  61%  Streaming frame 427/660
  ███████████████░░░░░░░░░░  61%  Streaming frame 428/660
  ███████████████░░░░░░░░░░  61%  Streaming frame 429/660
  ███████████████░░░░░░░░░░  61%  Streaming frame 430/660
  ███████████████░░░░░░░░░░  61%  Streaming frame 431/660
  ███████████████░░░░░░░░░░  61%  Streaming frame 432/660
  ███████████████░░░░░░░░░░  61%  Streaming frame 433/660
  ███████████████░░░░░░░░░░  61%  Streaming frame 434/660
  ███████████████░░░░░░░░░░  61%  Streaming frame 435/660
  ███████████████░░░░░░░░░░  61%  Streaming frame 436/660
  ███████████████░░░░░░░░░░  61%  Streaming frame 437/660
  ███████████████░░░░░░░░░░  62%  Streaming frame 438/660
  ███████████████░░░░░░░░░░  62%  Streaming frame 439/660
  ███████████████░░░░░░░░░░  62%  Streaming frame 440/660
  ███████████████░░░░░░░░░░  62%  Streaming frame 441/660
  ███████████████░░░░░░░░░░  62%  Streaming frame 442/660
  ███████████████░░░░░░░░░░  62%  Streaming frame 443/660
  ███████████████░░░░░░░░░░  62%  Streaming frame 444/660
  ███████████████░░░░░░░░░░  62%  Streaming frame 445/660
  ███████████████░░░░░░░░░░  62%  Streaming frame 446/660
  ███████████████░░░░░░░░░░  62%  Streaming frame 447/660
  ███████████████░░░░░░░░░░  62%  Streaming frame 448/660
  ███████████████░░░░░░░░░░  62%  Streaming frame 449/660
  ███████████████░░░░░░░░░░  63%  Streaming frame 450/660
  ███████████████░░░░░░░░░░  63%  Streaming frame 451/660
  ███████████████░░░░░░░░░░  63%  Streaming frame 452/660
  ███████████████░░░░░░░░░░  63%  Streaming frame 453/660
  ███████████████░░░░░░░░░░  63%  Streaming frame 454/660
  ███████████████░░░░░░░░░░  63%  Streaming frame 455/660
  ███████████████░░░░░░░░░░  63%  Streaming frame 456/660
  ███████████████░░░░░░░░░░  63%  Streaming frame 457/660
  ███████████████░░░░░░░░░░  63%  Streaming frame 458/660
  ███████████████░░░░░░░░░░  63%  Streaming frame 459/660
  ███████████████░░░░░░░░░░  63%  Streaming frame 460/660
  ███████████████░░░░░░░░░░  63%  Streaming frame 461/660
  ████████████████░░░░░░░░░  64%  Streaming frame 462/660
  ████████████████░░░░░░░░░  64%  Streaming frame 463/660
  ████████████████░░░░░░░░░  64%  Streaming frame 464/660
  ████████████████░░░░░░░░░  64%  Streaming frame 465/660
  ████████████████░░░░░░░░░  64%  Streaming frame 466/660
  ████████████████░░░░░░░░░  64%  Streaming frame 467/660
  ████████████████░░░░░░░░░  64%  Streaming frame 468/660
  ████████████████░░░░░░░░░  64%  Streaming frame 469/660
  ████████████████░░░░░░░░░  64%  Streaming frame 470/660
  ████████████████░░░░░░░░░  64%  Streaming frame 471/660
  ████████████████░░░░░░░░░  64%  Streaming frame 472/660
  ████████████████░░░░░░░░░  64%  Streaming frame 473/660
  ████████████████░░░░░░░░░  65%  Streaming frame 474/660
  ████████████████░░░░░░░░░  65%  Streaming frame 475/660
  ████████████████░░░░░░░░░  65%  Streaming frame 476/660
  ████████████████░░░░░░░░░  65%  Streaming frame 477/660
  ████████████████░░░░░░░░░  65%  Streaming frame 478/660
  ████████████████░░░░░░░░░  65%  Streaming frame 479/660
  ████████████████░░░░░░░░░  65%  Streaming frame 480/660
  ████████████████░░░░░░░░░  65%  Streaming frame 481/660
  ████████████████░░░░░░░░░  65%  Streaming frame 482/660
  ████████████████░░░░░░░░░  65%  Streaming frame 483/660
  ████████████████░░░░░░░░░  65%  Streaming frame 484/660
  ████████████████░░░░░░░░░  65%  Streaming frame 485/660
  ████████████████░░░░░░░░░  66%  Streaming frame 486/660
  ████████████████░░░░░░░░░  66%  Streaming frame 487/660
  ████████████████░░░░░░░░░  66%  Streaming frame 488/660
  ████████████████░░░░░░░░░  66%  Streaming frame 489/660
  ████████████████░░░░░░░░░  66%  Streaming frame 490/660
  ████████████████░░░░░░░░░  66%  Streaming frame 491/660
  ████████████████░░░░░░░░░  66%  Streaming frame 492/660
  ████████████████░░░░░░░░░  66%  Streaming frame 493/660
  ████████████████░░░░░░░░░  66%  Streaming frame 494/660
  ████████████████░░░░░░░░░  66%  Streaming frame 495/660
  ████████████████░░░░░░░░░  66%  Streaming frame 496/660
  ████████████████░░░░░░░░░  66%  Streaming frame 497/660
  ████████████████░░░░░░░░░  67%  Streaming frame 498/660
  ████████████████░░░░░░░░░  67%  Streaming frame 499/660
  ████████████████░░░░░░░░░  67%  Streaming frame 500/660
  ████████████████░░░░░░░░░  67%  Streaming frame 501/660
  ████████████████░░░░░░░░░  67%  Streaming frame 502/660
  ████████████████░░░░░░░░░  67%  Streaming frame 503/660
  ████████████████░░░░░░░░░  67%  Streaming frame 504/660
  ████████████████░░░░░░░░░  67%  Streaming frame 505/660
  ████████████████░░░░░░░░░  67%  Streaming frame 506/660
  ████████████████░░░░░░░░░  67%  Streaming frame 507/660
  ████████████████░░░░░░░░░  67%  Streaming frame 508/660
  ████████████████░░░░░░░░░  67%  Streaming frame 509/660
  █████████████████░░░░░░░░  68%  Streaming frame 510/660
  █████████████████░░░░░░░░  68%  Streaming frame 511/660
  █████████████████░░░░░░░░  68%  Streaming frame 512/660
  █████████████████░░░░░░░░  68%  Streaming frame 513/660
  █████████████████░░░░░░░░  68%  Streaming frame 514/660
  █████████████████░░░░░░░░  68%  Streaming frame 515/660
  █████████████████░░░░░░░░  68%  Streaming frame 516/660
  █████████████████░░░░░░░░  68%  Streaming frame 517/660
  █████████████████░░░░░░░░  68%  Streaming frame 518/660
  █████████████████░░░░░░░░  68%  Streaming frame 519/660
  █████████████████░░░░░░░░  68%  Streaming frame 520/660
  █████████████████░░░░░░░░  68%  Streaming frame 521/660
  █████████████████░░░░░░░░  69%  Streaming frame 522/660
  █████████████████░░░░░░░░  69%  Streaming frame 523/660
  █████████████████░░░░░░░░  69%  Streaming frame 524/660
  █████████████████░░░░░░░░  69%  Streaming frame 525/660
  █████████████████░░░░░░░░  69%  Streaming frame 526/660
  █████████████████░░░░░░░░  69%  Streaming frame 527/660
  █████████████████░░░░░░░░  69%  Streaming frame 528/660
  █████████████████░░░░░░░░  69%  Streaming frame 529/660
  █████████████████░░░░░░░░  69%  Streaming frame 530/660
  █████████████████░░░░░░░░  69%  Streaming frame 531/660
  █████████████████░░░░░░░░  69%  Streaming frame 532/660
  █████████████████░░░░░░░░  69%  Streaming frame 533/660
  █████████████████░░░░░░░░  70%  Streaming frame 534/660
  █████████████████░░░░░░░░  70%  Streaming frame 535/660
  █████████████████░░░░░░░░  70%  Streaming frame 536/660
[INFO] [Render:trace] {"renderJobId":"da8adca6-a99d-4b09-a340-9416fd1dae85","phase":"capture_streaming","status":"checkpoint","elapsedMs":31919,"message":"stage still running","stagePhase":"capturing","workerCount":1,"forceScreenshot":true,"totalFrames":660,"framesCompleted":536,"captureMode":"screenshot","captureOperation":"captureScreenshot","heartbeatIndex":1,"stageElapsedMs":29999}
  █████████████████░░░░░░░░  70%  Streaming frame 537/660
  █████████████████░░░░░░░░  70%  Streaming frame 538/660
  █████████████████░░░░░░░░  70%  Streaming frame 539/660
  █████████████████░░░░░░░░  70%  Streaming frame 540/660
  █████████████████░░░░░░░░  70%  Streaming frame 541/660
  █████████████████░░░░░░░░  70%  Streaming frame 542/660
  █████████████████░░░░░░░░  70%  Streaming frame 543/660
  █████████████████░░░░░░░░  70%  Streaming frame 544/660
  █████████████████░░░░░░░░  70%  Streaming frame 545/660
  █████████████████░░░░░░░░  71%  Streaming frame 546/660
  █████████████████░░░░░░░░  71%  Streaming frame 547/660
  █████████████████░░░░░░░░  71%  Streaming frame 548/660
  █████████████████░░░░░░░░  71%  Streaming frame 549/660
  █████████████████░░░░░░░░  71%  Streaming frame 550/660
  █████████████████░░░░░░░░  71%  Streaming frame 551/660
  █████████████████░░░░░░░░  71%  Streaming frame 552/660
  █████████████████░░░░░░░░  71%  Streaming frame 553/660
  █████████████████░░░░░░░░  71%  Streaming frame 554/660
  █████████████████░░░░░░░░  71%  Streaming frame 555/660
  █████████████████░░░░░░░░  71%  Streaming frame 556/660
  █████████████████░░░░░░░░  71%  Streaming frame 557/660
  ██████████████████░░░░░░░  72%  Streaming frame 558/660
  ██████████████████░░░░░░░  72%  Streaming frame 559/660
  ██████████████████░░░░░░░  72%  Streaming frame 560/660
  ██████████████████░░░░░░░  72%  Streaming frame 561/660
  ██████████████████░░░░░░░  72%  Streaming frame 562/660
  ██████████████████░░░░░░░  72%  Streaming frame 563/660
  ██████████████████░░░░░░░  72%  Streaming frame 564/660
  ██████████████████░░░░░░░  72%  Streaming frame 565/660
  ██████████████████░░░░░░░  72%  Streaming frame 566/660
  ██████████████████░░░░░░░  72%  Streaming frame 567/660
  ██████████████████░░░░░░░  72%  Streaming frame 568/660
  ██████████████████░░░░░░░  72%  Streaming frame 569/660
  ██████████████████░░░░░░░  73%  Streaming frame 570/660
  ██████████████████░░░░░░░  73%  Streaming frame 571/660
  ██████████████████░░░░░░░  73%  Streaming frame 572/660
  ██████████████████░░░░░░░  73%  Streaming frame 573/660
  ██████████████████░░░░░░░  73%  Streaming frame 574/660
  ██████████████████░░░░░░░  73%  Streaming frame 575/660
  ██████████████████░░░░░░░  73%  Streaming frame 576/660
  ██████████████████░░░░░░░  73%  Streaming frame 577/660
  ██████████████████░░░░░░░  73%  Streaming frame 578/660
  ██████████████████░░░░░░░  73%  Streaming frame 579/660
  ██████████████████░░░░░░░  73%  Streaming frame 580/660
  ██████████████████░░░░░░░  73%  Streaming frame 581/660
  ██████████████████░░░░░░░  74%  Streaming frame 582/660
  ██████████████████░░░░░░░  74%  Streaming frame 583/660
  ██████████████████░░░░░░░  74%  Streaming frame 584/660
  ██████████████████░░░░░░░  74%  Streaming frame 585/660
  ██████████████████░░░░░░░  74%  Streaming frame 586/660
  ██████████████████░░░░░░░  74%  Streaming frame 587/660
  ██████████████████░░░░░░░  74%  Streaming frame 588/660
  ██████████████████░░░░░░░  74%  Streaming frame 589/660
  ██████████████████░░░░░░░  74%  Streaming frame 590/660
  ██████████████████░░░░░░░  74%  Streaming frame 591/660
  ██████████████████░░░░░░░  74%  Streaming frame 592/660
  ██████████████████░░░░░░░  74%  Streaming frame 593/660
  ██████████████████░░░░░░░  75%  Streaming frame 594/660
  ██████████████████░░░░░░░  75%  Streaming frame 595/660
  ██████████████████░░░░░░░  75%  Streaming frame 596/660
  ██████████████████░░░░░░░  75%  Streaming frame 597/660
  ██████████████████░░░░░░░  75%  Streaming frame 598/660
  ██████████████████░░░░░░░  75%  Streaming frame 599/660
  ██████████████████░░░░░░░  75%  Streaming frame 600/660
  ██████████████████░░░░░░░  75%  Streaming frame 601/660
  ██████████████████░░░░░░░  75%  Streaming frame 602/660
  ██████████████████░░░░░░░  75%  Streaming frame 603/660
  ██████████████████░░░░░░░  75%  Streaming frame 604/660
  ██████████████████░░░░░░░  75%  Streaming frame 605/660
  ███████████████████░░░░░░  76%  Streaming frame 606/660
  ███████████████████░░░░░░  76%  Streaming frame 607/660
  ███████████████████░░░░░░  76%  Streaming frame 608/660
  ███████████████████░░░░░░  76%  Streaming frame 609/660
  ███████████████████░░░░░░  76%  Streaming frame 610/660
  ███████████████████░░░░░░  76%  Streaming frame 611/660
  ███████████████████░░░░░░  76%  Streaming frame 612/660
  ███████████████████░░░░░░  76%  Streaming frame 613/660
  ███████████████████░░░░░░  76%  Streaming frame 614/660
  ███████████████████░░░░░░  76%  Streaming frame 615/660
  ███████████████████░░░░░░  76%  Streaming frame 616/660
  ███████████████████░░░░░░  76%  Streaming frame 617/660
  ███████████████████░░░░░░  77%  Streaming frame 618/660
  ███████████████████░░░░░░  77%  Streaming frame 619/660
  ███████████████████░░░░░░  77%  Streaming frame 620/660
  ███████████████████░░░░░░  77%  Streaming frame 621/660
  ███████████████████░░░░░░  77%  Streaming frame 622/660
  ███████████████████░░░░░░  77%  Streaming frame 623/660
  ███████████████████░░░░░░  77%  Streaming frame 624/660
  ███████████████████░░░░░░  77%  Streaming frame 625/660
  ███████████████████░░░░░░  77%  Streaming frame 626/660
  ███████████████████░░░░░░  77%  Streaming frame 627/660
  ███████████████████░░░░░░  77%  Streaming frame 628/660
  ███████████████████░░░░░░  77%  Streaming frame 629/660
  ███████████████████░░░░░░  78%  Streaming frame 630/660
  ███████████████████░░░░░░  78%  Streaming frame 631/660
  ███████████████████░░░░░░  78%  Streaming frame 632/660
  ███████████████████░░░░░░  78%  Streaming frame 633/660
  ███████████████████░░░░░░  78%  Streaming frame 634/660
  ███████████████████░░░░░░  78%  Streaming frame 635/660
  ███████████████████░░░░░░  78%  Streaming frame 636/660
  ███████████████████░░░░░░  78%  Streaming frame 637/660
  ███████████████████░░░░░░  78%  Streaming frame 638/660
  ███████████████████░░░░░░  78%  Streaming frame 639/660
  ███████████████████░░░░░░  78%  Streaming frame 640/660
  ███████████████████░░░░░░  78%  Streaming frame 641/660
  ███████████████████░░░░░░  79%  Streaming frame 642/660
  ███████████████████░░░░░░  79%  Streaming frame 643/660
  ███████████████████░░░░░░  79%  Streaming frame 644/660
  ███████████████████░░░░░░  79%  Streaming frame 645/660
  ███████████████████░░░░░░  79%  Streaming frame 646/660
  ███████████████████░░░░░░  79%  Streaming frame 647/660
  ███████████████████░░░░░░  79%  Streaming frame 648/660
  ███████████████████░░░░░░  79%  Streaming frame 649/660
  ███████████████████░░░░░░  79%  Streaming frame 650/660
  ███████████████████░░░░░░  79%  Streaming frame 651/660
  ███████████████████░░░░░░  79%  Streaming frame 652/660
  ███████████████████░░░░░░  79%  Streaming frame 653/660
  ████████████████████░░░░░  80%  Streaming frame 654/660
  ████████████████████░░░░░  80%  Streaming frame 655/660
  ████████████████████░░░░░  80%  Streaming frame 656/660
  ████████████████████░░░░░  80%  Streaming frame 657/660
  ████████████████████░░░░░  80%  Streaming frame 658/660
  ████████████████████░░░░░  80%  Streaming frame 659/660
  ████████████████████░░░░░  80%  Streaming frame 660/660
[INFO] [Render:trace] {"renderJobId":"da8adca6-a99d-4b09-a340-9416fd1dae85","phase":"capture_streaming","status":"end","elapsedMs":40064,"durationMs":38145,"stagePhase":"capturing","workerCount":1,"forceScreenshot":true,"totalFrames":660,"framesCompleted":660,"captureMode":"screenshot","captureOperation":"encode"}
[INFO] [Render:trace] {"renderJobId":"da8adca6-a99d-4b09-a340-9416fd1dae85","phase":"assemble","status":"start","elapsedMs":40065,"stagePhase":"capturing","hasAudio":true,"workerCount":1,"forceScreenshot":true,"totalFrames":660,"framesCompleted":660,"captureMode":"screenshot","captureOperation":"encode"}
  ██████████████████████░░░  90%  Assembling final video
[INFO] [Render:trace] {"renderJobId":"da8adca6-a99d-4b09-a340-9416fd1dae85","phase":"assemble","status":"end","elapsedMs":41293,"durationMs":1228,"stagePhase":"capturing","hasAudio":true,"workerCount":1,"forceScreenshot":true,"totalFrames":660,"framesCompleted":660,"captureMode":"screenshot","captureOperation":"encode"}
[INFO] [Render:trace] {"renderJobId":"da8adca6-a99d-4b09-a340-9416fd1dae85","phase":"pipeline","status":"checkpoint","elapsedMs":41345,"message":"artifact validated","totalElapsedMs":41344}
  █████████████████████████  100%  Render complete

◇  /Users/Zain/Developer/runIT/brag-output/brag.raw.mp4
   6.9 MB · 22.0s video · rendered in 41.4s
   screenshot capture · hardware gpu · compile 0.5s · extract 0.0s · audio 0.7s · probe 0.1s · setup 0.7s · capture 38.1s · encode (during capture) 38.1s · assemble 1.2s
